// Jest Snapshot v1, https://goo.gl/fbAQLP

exports[`testing snapshot component 1`] = `undefined`;
